// Jest Snapshot v1, https://goo.gl/fbAQLP

exports[`DomainSecurityRecord when the record is not inherited it should match the snapshot 1`] = `
<div>
  <h3
    class="ui header"
  >
    Record
  </h3>
  <p
    class="DomainSecurityRecord"
  >
    record1
  </p>
</div>
`;
